Microchip MPLAB XC8 Compiler V1.43 ()

Linker command line:

-W-3 --edf=/opt/microchip/xc8/v1.43/dat/en_msgs.txt -cs \
  -h+dist/default/debug/tank-controller-c.X.debug.sym \
  --cmf=dist/default/debug/tank-controller-c.X.debug.cmf -z -Q16F84A \
  -o/tmp/xcXE3Crwo -Mdist/default/debug/tank-controller-c.X.debug.map -E1 \
  -ver=XC8 -ASTACK=023h-04dh -pstack=STACK -ACODE=00h-03FFh \
  -ASTRCODE=00h-03FFh -ASTRING=00h-0FFhx4 -ACONST=00h-0FFhx4 \
  -AENTRY=00h-0FFhx4 -ABANK0=0Ch-04Dh -ARAM=0Ch-04Dh -AABS1=0Ch-04Fh \
  -ACOMMON=04Eh-04Fh -ASFR0=00h-0Bh -ASFR1=080h-0CDh \
  -preset_vec=00h,intentry,init,end_init -ppowerup=CODE -pcinit=CODE \
  -pfunctab=ENTRY -ACONFIG=02007h-02007h -pconfig=CONFIG -DCONFIG=2 \
  -AIDLOC=02000h-02003h -pidloc=IDLOC -DIDLOC=2 -AEEDATA=00h-03Fh/02100h \
  -peeprom_data=EEDATA -DEEDATA=2 -DCODE=2 -DSTRCODE=2 -DSTRING=2 -DCONST=2 \
  -DENTRY=2 -k /tmp/xcXllduJx.obj \
  dist/default/debug/tank-controller-c.X.debug.obj 

Object code version is 3.11

Machine type is 16F84A



                Name                               Link     Load   Length Selector   Space Scale
/tmp/xcXllduJx.obj
                end_init                              0        0        1        0       0
                config                             2007     2007        1     400E       0
dist/default/debug/tank-controller-c.X.debug.obj
                cinit                               3FE      3FE        2      7FC       0
                text3                               35E      35E       3D      6BC       0
                text2                               303      303       22      606       0
                text1                               325      325       39      64A       0
                maintext                            39B      39B       63      736       0
                cstackBANK0                           C        C       17        C       1
                strings                               1        1       10        2       0

TOTAL           Name                               Link     Load   Length     Space
        CLASS   STACK          

        CLASS   CODE           
                end_init                              0        0        1         0
                cinit                               3FE      3FE        2         0
                text3                               35E      35E       3D         0
                text2                               303      303       22         0
                text1                               325      325       39         0
                maintext                            39B      39B       63         0

        CLASS   STRCODE        

        CLASS   STRING         
                strings                               1        1       10         0

        CLASS   CONST          

        CLASS   ENTRY          

        CLASS   BANK0          
                cstackBANK0                           C        C       17         1

        CLASS   RAM            

        CLASS   ABS1           
                abs_s1                               4E       4E        2         1

        CLASS   COMMON         

        CLASS   SFR0           

        CLASS   SFR1           

        CLASS   CONFIG         
                config                             2007     2007        1         0

        CLASS   IDLOC          

        CLASS   EEDATA         

        CLASS   BANK1          



SEGMENTS        Name                           Load    Length   Top    Selector   Space  Class     Delta

                reset_vec                      000000  000001  000001         0       0  CODE        2
                strings                        000001  000010  000011         2       0  STRING      2
                cstackBANK0                    00000C  000017  000023         C       1  BANK0       1
                text2                          000303  000022  000325       606       0  CODE        2
                text1                          000325  000039  00035E       64A       0  CODE        2
                text3                          00035E  00003D  00039B       6BC       0  CODE        2
                maintext                       00039B  000063  0003FE       736       0  CODE        2
                cinit                          0003FE  000002  000400       7FC       0  CODE        2
                config                         002007  000001  002008      400E       0  CONFIG      2


UNUSED ADDRESS RANGES

        Name                Unused          Largest block    Delta
        BANK0            0023-004D             2B           1
        CODE             0011-0302            2F2           2
        CONST            0011-0302            100           2
        EEDATA           2100-213F             40           2
        ENTRY            0011-0302            100           2
        IDLOC            2000-2003              4           2
        RAM              0023-004D             2B           1
        SFR0             0000-000B              C           1
        SFR1             0080-00CD             4E           1
        STACK            0023-004D             2B           1
        STRCODE          0011-0302            2F2           2
        STRING           0011-0302            100           2

                                  Symbol Table

?___lwdiv                cstackBANK0  0012
?___wmul                 cstackBANK0  000C
_PORTA                   (abs)        0005
_PORTAbits               (abs)        0005
_PORTB                   (abs)        0006
_TRISA                   (abs)        0085
_TRISB                   (abs)        0086
__CFG_CP$OFF             (abs)        0000
__CFG_FOSC$XT            (abs)        0000
__CFG_PWRTE$ON           (abs)        0000
__CFG_WDTE$OFF           (abs)        0000
__Habs1                  abs1         0000
__Hbank0                 bank0        0000
__Hbank1                 bank1        0000
__Hcinit                 cinit        0400
__Hclrtext               clrtext      0000
__Hcode                  code         0000
__Hcommon                common       0000
__Hconfig                config       2008
__HcstackBANK0           cstackBANK0  0000
__HcstackCOMMON          cstackCOMMON 0000
__Heeprom_data           eeprom_data  0000
__Hend_init              end_init     0001
__Hfunctab               functab      0000
__Hidloc                 idloc        0000
__Hinit                  init         0000
__Hintentry              intentry     0000
__Hmaintext              maintext     0000
__Hpowerup               powerup      0000
__Hram                   ram          0000
__Hreset_vec             reset_vec    0000
__Hsfr0                  sfr0         0000
__Hsfr1                  sfr1         0000
__Hspace_0               (abs)        2008
__Hspace_1               (abs)        0023
__Hspace_2               (abs)        0000
__Hspace_3               (abs)        0000
__Hstack                 stack        0000
__Hstrings               strings      0000
__Htext                  text         0000
__Labs1                  abs1         0000
__Lbank0                 bank0        0000
__Lbank1                 bank1        0000
__Lcinit                 cinit        03FE
__Lclrtext               clrtext      0000
__Lcode                  code         0000
__Lcommon                common       0000
__Lconfig                config       2007
__LcstackBANK0           cstackBANK0  0000
__LcstackCOMMON          cstackCOMMON 0000
__Leeprom_data           eeprom_data  0000
__Lend_init              end_init     0000
__Lfunctab               functab      0000
__Lidloc                 idloc        0000
__Linit                  init         0000
__Lintentry              intentry     0000
__Lmaintext              maintext     0000
__Lpowerup               powerup      0000
__Lram                   ram          0000
__Lreset_vec             reset_vec    0000
__Lsfr0                  sfr0         0000
__Lsfr1                  sfr1         0000
__Lspace_0               (abs)        0000
__Lspace_1               (abs)        0000
__Lspace_2               (abs)        0000
__Lspace_3               (abs)        0000
__Lstack                 stack        0000
__Lstrings               strings      0000
__Ltext                  text         0000
__S0                     (abs)        2008
__S1                     (abs)        0023
__S2                     (abs)        0000
__S3                     (abs)        0000
___int_sp                stack        0000
___latbits               (abs)        0000
___lwdiv                 text3        035E
___lwdiv@counter         cstackBANK0  0019
___lwdiv@dividend        cstackBANK0  0014
___lwdiv@divisor         cstackBANK0  0012
___lwdiv@quotient        cstackBANK0  0017
___sp                    stack        0000
___wmul                  text2        0303
___wmul@multiplicand     cstackBANK0  000E
___wmul@multiplier       cstackBANK0  000C
___wmul@product          cstackBANK0  0010
__end_of_FULL_CYCLES     strings      0011
__end_of___lwdiv         text3        039B
__end_of___wmul          text2        0325
__end_of__initialization cinit        03FE
__end_of__stringtab      strings      0007
__end_of_main            maintext     03FE
__end_of_matrixLed       strings      0010
__end_of_printToPorts    text1        035E
__initialization         cinit        03FE
__pcstackBANK0           cstackBANK0  000C
__pcstackCOMMON          cstackCOMMON 0000
__pmaintext              maintext     039B
__pstrings               strings      0001
__ptext1                 text1        0325
__ptext2                 text2        0303
__ptext3                 text3        035E
__size_of___lwdiv        (abs)        0000
__size_of___wmul         (abs)        0000
__size_of_main           (abs)        0000
__size_of_printToPorts   (abs)        0000
__stringbase             strings      0006
__stringtab              strings      0001
_main                    maintext     039B
_matrixLed               strings      0007
_printToPorts            text1        0325
btemp                    (abs)        004E
end_of_initialization    cinit        03FE
intlevel0                functab      0000
intlevel1                functab      0000
intlevel2                functab      0000
intlevel3                functab      0000
intlevel4                functab      0000
intlevel5                functab      0000
main@counter             cstackBANK0  001F
main@indexToShow         cstackBANK0  001A
main@isLoading           cstackBANK0  001E
main@loadingCounter      cstackBANK0  0021
main@totalCycles         cstackBANK0  001C
printToPorts@index       cstackBANK0  000C
reset_vec                reset_vec    0000
stackhi                  (abs)        0000
stacklo                  (abs)        0000
start                    init         0000
start_initialization     cinit        03FE
wtemp0                   (abs)        004E


FUNCTION INFORMATION:

 *************** function _main *****************
 Defined at:
		line 33 in file "tank-controller.c"
 Parameters:    Size  Location     Type
		None
 Auto vars:     Size  Location     Type
  indexToShow     2   14[BANK0 ] int 
  loadingCount    2   21[BANK0 ] unsigned int 
  counter         2   19[BANK0 ] int 
  totalCycles     2   16[BANK0 ] unsigned int 
  isLoading       1   18[BANK0 ] unsigned char 
 Return value:  Size  Location     Type
                  1    wreg      void 
 Registers used:
		wreg, fsr0l, fsr0h, status,2, status,0, btemp+1, pclath, cstack
 Tracked objects:
		On entry : 
		On exit  : 
		Unchanged: 
 Data sizes:     COMMON   BANK0
      Params:         0       0
      Locals:         0       9
      Temps:          0       0
      Totals:         0       9
Total ram usage:        9 bytes
 Hardware stack levels required when called:    2
 This function calls:
		___lwdiv
		___wmul
		_printToPorts
 This function is called by:
		Startup code after reset
 This function uses a non-reentrant model


 *************** function _printToPorts *****************
 Defined at:
		line 69 in file "tank-controller.c"
 Parameters:    Size  Location     Type
  index           2    0[BANK0 ] int 
 Auto vars:     Size  Location     Type
		None
 Return value:  Size  Location     Type
                  1    wreg      void 
 Registers used:
		wreg, fsr0l, fsr0h, status,2, status,0, btemp+1, pclath
 Tracked objects:
		On entry : 
		On exit  : 
		Unchanged: 
 Data sizes:     COMMON   BANK0
      Params:         0       2
      Locals:         0       0
      Temps:          0       0
      Totals:         0       2
Total ram usage:        2 bytes
 Hardware stack levels used:    2
 This function calls:
		Nothing
 This function is called by:
		_main
 This function uses a non-reentrant model


 *************** function ___wmul *****************
 Defined at:
		line 15 in file "/opt/microchip/xc8/v1.43/sources/common/Umul16.c"
 Parameters:    Size  Location     Type
  multiplier      2    0[BANK0 ] unsigned int 
  multiplicand    2    2[BANK0 ] unsigned int 
 Auto vars:     Size  Location     Type
  product         2    4[BANK0 ] unsigned int 
 Return value:  Size  Location     Type
                  2    0[BANK0 ] unsigned int 
 Registers used:
		wreg, status,2, status,0
 Tracked objects:
		On entry : 
		On exit  : 
		Unchanged: 
 Data sizes:     COMMON   BANK0
      Params:         0       4
      Locals:         0       2
      Temps:          0       0
      Totals:         0       6
Total ram usage:        6 bytes
 Hardware stack levels used:    1
 This function calls:
		Nothing
 This function is called by:
		_main
 This function uses a non-reentrant model


 *************** function ___lwdiv *****************
 Defined at:
		line 6 in file "/opt/microchip/xc8/v1.43/sources/common/lwdiv.c"
 Parameters:    Size  Location     Type
  divisor         2    6[BANK0 ] unsigned int 
  dividend        2    8[BANK0 ] unsigned int 
 Auto vars:     Size  Location     Type
  quotient        2   11[BANK0 ] unsigned int 
  counter         1   13[BANK0 ] unsigned char 
 Return value:  Size  Location     Type
                  2    6[BANK0 ] unsigned int 
 Registers used:
		wreg, status,2, status,0
 Tracked objects:
		On entry : 
		On exit  : 
		Unchanged: 
 Data sizes:     COMMON   BANK0
      Params:         0       4
      Locals:         0       3
      Temps:          0       1
      Totals:         0       8
Total ram usage:        8 bytes
 Hardware stack levels used:    1
 This function calls:
		Nothing
 This function is called by:
		_main
 This function uses a non-reentrant model



MODULE INFORMATION

Module		Function		Class		Link	Load	Size
/opt/microchip/xc8/v1.43/sources/common/Umul16.c
		___wmul        		CODE           	0303	0000	35

/opt/microchip/xc8/v1.43/sources/common/Umul16.c estimated size: 35

/opt/microchip/xc8/v1.43/sources/common/lwdiv.c
		___lwdiv       		CODE           	035E	0000	62

/opt/microchip/xc8/v1.43/sources/common/lwdiv.c estimated size: 62

tank-controller.c
		_main          		CODE           	039B	0000	100
		_printToPorts  		CODE           	0325	0000	58

tank-controller.c estimated size: 158

shared
		_FULL_CYCLES   		STRING         	0000	0000	0
		__stringtab    		STRING         	0001	0000	7
		__initialization		CODE           	03FE	0000	1
		_matrixLed     		STRING         	0007	0000	10

shared estimated size: 18

